// Jest Snapshot v1, https://goo.gl/fbAQLP

exports[`Button should render without crashing 1`] = `
<div>
  <button
    class="relative flex w-full items-center justify-center whitespace-nowrap transition focus:outline-none focus:ring-4 disabled:opacity-50 h-12 px-3 rounded text-yellow bg-green-dark hover:bg-green-dark/[0.7] hover:shadow-xl focus:ring-green font-bold"
  >
    <svg
      class="absolute h-2 w-6 fill-current invisible"
      height="30"
      viewBox="0 0 120 30"
      width="120"
      xmlns="http://www.w3.org/2000/svg"
    >
      <circle
        cx="15"
        cy="15"
        r="15"
      >
        <animate
          attributeName="r"
          begin="0s"
          calcMode="linear"
          dur="0.8s"
          from="15"
          repeatCount="indefinite"
          to="15"
          values="15;9;15"
        />
        <animate
          attributeName="fill-opacity"
          begin="0s"
          calcMode="linear"
          dur="0.8s"
          from="1"
          repeatCount="indefinite"
          to="1"
          values="1;.5;1"
        />
      </circle>
      <circle
        cx="60"
        cy="15"
        fill-opacity="0.3"
        r="9"
      >
        <animate
          attributeName="r"
          begin="0s"
          calcMode="linear"
          dur="0.8s"
          from="9"
          repeatCount="indefinite"
          to="9"
          values="9;15;9"
        />
        <animate
          attributeName="fill-opacity"
          begin="0s"
          calcMode="linear"
          dur="0.8s"
          from="0.5"
          repeatCount="indefinite"
          to="0.5"
          values=".5;1;.5"
        />
      </circle>
      <circle
        cx="105"
        cy="15"
        r="15"
      >
        <animate
          attributeName="r"
          begin="0s"
          calcMode="linear"
          dur="0.8s"
          from="15"
          repeatCount="indefinite"
          to="15"
          values="15;9;15"
        />
        <animate
          attributeName="fill-opacity"
          begin="0s"
          calcMode="linear"
          dur="0.8s"
          from="1"
          repeatCount="indefinite"
          to="1"
          values="1;.5;1"
        />
      </circle>
    </svg>
    <span
      class="flex h-full w-full items-center justify-center"
    >
      <span>
        @#$%^&*()qwerty
      </span>
    </span>
  </button>
</div>
`;
