// Jest Snapshot v1, https://goo.gl/fbAQLP

exports[`Modal Box should render without crashing 1`] = `
<div>
  <div
    class="m-3 w-full max-w-screen-sm"
  >
    <div
      class="relative rounded-xl bg-pistachio dark:bg-gray-500 p-5 dark:border dark:border-gray-700"
    >
      <div
        class="absolute top-3 right-3"
      >
        <button
          class="relative flex w-full items-center justify-center whitespace-nowrap transition focus:outline-none focus:ring-4 disabled:opacity-50 p-1 rounded text-green-dark bg-pistachio hover:bg-pistachio/[0.7] hover:shadow-xl focus:ring-green font-bold"
          icon="[object Object]"
          variant="secondary"
        >
          <svg
            class="absolute h-2 w-6 fill-current invisible"
            height="30"
            viewBox="0 0 120 30"
            width="120"
            xmlns="http://www.w3.org/2000/svg"
          >
            <circle
              cx="15"
              cy="15"
              r="15"
            >
              <animate
                attributeName="r"
                begin="0s"
                calcMode="linear"
                dur="0.8s"
                from="15"
                repeatCount="indefinite"
                to="15"
                values="15;9;15"
              />
              <animate
                attributeName="fill-opacity"
                begin="0s"
                calcMode="linear"
                dur="0.8s"
                from="1"
                repeatCount="indefinite"
                to="1"
                values="1;.5;1"
              />
            </circle>
            <circle
              cx="60"
              cy="15"
              fill-opacity="0.3"
              r="9"
            >
              <animate
                attributeName="r"
                begin="0s"
                calcMode="linear"
                dur="0.8s"
                from="9"
                repeatCount="indefinite"
                to="9"
                values="9;15;9"
              />
              <animate
                attributeName="fill-opacity"
                begin="0s"
                calcMode="linear"
                dur="0.8s"
                from="0.5"
                repeatCount="indefinite"
                to="0.5"
                values=".5;1;.5"
              />
            </circle>
            <circle
              cx="105"
              cy="15"
              r="15"
            >
              <animate
                attributeName="r"
                begin="0s"
                calcMode="linear"
                dur="0.8s"
                from="15"
                repeatCount="indefinite"
                to="15"
                values="15;9;15"
              />
              <animate
                attributeName="fill-opacity"
                begin="0s"
                calcMode="linear"
                dur="0.8s"
                from="1"
                repeatCount="indefinite"
                to="1"
                values="1;.5;1"
              />
            </circle>
          </svg>
          <span
            class="flex h-full w-full items-center justify-center"
          >
            <span
              class="flex shrink-0 items-center justify-center fill-current"
            >
              <svg
                aria-hidden="true"
                class="h-5 w-5"
                data-slot="icon"
                fill="none"
                stroke="currentColor"
                stroke-width="1.5"
                viewBox="0 0 24 24"
                xmlns="http://www.w3.org/2000/svg"
              >
                <path
                  d="M6 18 18 6M6 6l12 12"
                  stroke-linecap="round"
                  stroke-linejoin="round"
                />
              </svg>
            </span>
            <span
              class="flex w-full justify-center"
            />
          </span>
        </button>
      </div>
    </div>
  </div>
</div>
`;
