// Jest Snapshot v1, https://goo.gl/fbAQLP

exports[`Pagination should render without crashing 1`] = `
<div>
  <div
    class="mt-10 flex w-full items-center justify-center space-x-2"
  >
    <div>
      <button
        class="relative flex w-full items-center justify-center whitespace-nowrap transition focus:outline-none focus:ring-4 disabled:opacity-50 h-12 px-3 rounded text-yellow bg-green-dark hover:bg-green-dark/[0.7] hover:shadow-xl focus:ring-green font-bold"
        data-testid="left"
        disabled=""
      >
        <svg
          class="absolute h-2 w-6 fill-current invisible"
          height="30"
          viewBox="0 0 120 30"
          width="120"
          xmlns="http://www.w3.org/2000/svg"
        >
          <circle
            cx="15"
            cy="15"
            r="15"
          >
            <animate
              attributeName="r"
              begin="0s"
              calcMode="linear"
              dur="0.8s"
              from="15"
              repeatCount="indefinite"
              to="15"
              values="15;9;15"
            />
            <animate
              attributeName="fill-opacity"
              begin="0s"
              calcMode="linear"
              dur="0.8s"
              from="1"
              repeatCount="indefinite"
              to="1"
              values="1;.5;1"
            />
          </circle>
          <circle
            cx="60"
            cy="15"
            fill-opacity="0.3"
            r="9"
          >
            <animate
              attributeName="r"
              begin="0s"
              calcMode="linear"
              dur="0.8s"
              from="9"
              repeatCount="indefinite"
              to="9"
              values="9;15;9"
            />
            <animate
              attributeName="fill-opacity"
              begin="0s"
              calcMode="linear"
              dur="0.8s"
              from="0.5"
              repeatCount="indefinite"
              to="0.5"
              values=".5;1;.5"
            />
          </circle>
          <circle
            cx="105"
            cy="15"
            r="15"
          >
            <animate
              attributeName="r"
              begin="0s"
              calcMode="linear"
              dur="0.8s"
              from="15"
              repeatCount="indefinite"
              to="15"
              values="15;9;15"
            />
            <animate
              attributeName="fill-opacity"
              begin="0s"
              calcMode="linear"
              dur="0.8s"
              from="1"
              repeatCount="indefinite"
              to="1"
              values="1;.5;1"
            />
          </circle>
        </svg>
        <span
          class="flex h-full w-full items-center justify-center"
        >
          <span>
            <svg
              aria-hidden="true"
              class="h-5 w-5"
              data-slot="icon"
              fill="currentColor"
              viewBox="0 0 20 20"
              xmlns="http://www.w3.org/2000/svg"
            >
              <path
                clip-rule="evenodd"
                d="M11.78 5.22a.75.75 0 0 1 0 1.06L8.06 10l3.72 3.72a.75.75 0 1 1-1.06 1.06l-4.25-4.25a.75.75 0 0 1 0-1.06l4.25-4.25a.75.75 0 0 1 1.06 0Z"
                fill-rule="evenodd"
              />
            </svg>
          </span>
        </span>
      </button>
    </div>
    <div
      class="w-20"
    >
      <div>
        <label
          class="flex cursor-pointer items-center overflow-hidden rounded border focus-within:ring-4 border-green-dark text-green-dark focus-within:ring-yellow"
        >
          <span
            class="relative w-full"
          >
            <select
              class="h-12 w-full border-none pr-10 focus:outline-none focus:ring-0 disabled:opacity-50 p-2"
              options="[object Object],[object Object]"
            >
              <option
                value="1"
              >
                1
              </option>
              <option
                value="2"
              >
                2
              </option>
            </select>
          </span>
        </label>
      </div>
    </div>
    <div>
      <button
        class="relative flex w-full items-center justify-center whitespace-nowrap transition focus:outline-none focus:ring-4 disabled:opacity-50 h-12 px-3 rounded text-yellow bg-green-dark hover:bg-green-dark/[0.7] hover:shadow-xl focus:ring-green font-bold"
        data-testid="right"
      >
        <svg
          class="absolute h-2 w-6 fill-current invisible"
          height="30"
          viewBox="0 0 120 30"
          width="120"
          xmlns="http://www.w3.org/2000/svg"
        >
          <circle
            cx="15"
            cy="15"
            r="15"
          >
            <animate
              attributeName="r"
              begin="0s"
              calcMode="linear"
              dur="0.8s"
              from="15"
              repeatCount="indefinite"
              to="15"
              values="15;9;15"
            />
            <animate
              attributeName="fill-opacity"
              begin="0s"
              calcMode="linear"
              dur="0.8s"
              from="1"
              repeatCount="indefinite"
              to="1"
              values="1;.5;1"
            />
          </circle>
          <circle
            cx="60"
            cy="15"
            fill-opacity="0.3"
            r="9"
          >
            <animate
              attributeName="r"
              begin="0s"
              calcMode="linear"
              dur="0.8s"
              from="9"
              repeatCount="indefinite"
              to="9"
              values="9;15;9"
            />
            <animate
              attributeName="fill-opacity"
              begin="0s"
              calcMode="linear"
              dur="0.8s"
              from="0.5"
              repeatCount="indefinite"
              to="0.5"
              values=".5;1;.5"
            />
          </circle>
          <circle
            cx="105"
            cy="15"
            r="15"
          >
            <animate
              attributeName="r"
              begin="0s"
              calcMode="linear"
              dur="0.8s"
              from="15"
              repeatCount="indefinite"
              to="15"
              values="15;9;15"
            />
            <animate
              attributeName="fill-opacity"
              begin="0s"
              calcMode="linear"
              dur="0.8s"
              from="1"
              repeatCount="indefinite"
              to="1"
              values="1;.5;1"
            />
          </circle>
        </svg>
        <span
          class="flex h-full w-full items-center justify-center"
        >
          <span>
            <svg
              aria-hidden="true"
              class="h-5 w-5"
              data-slot="icon"
              fill="currentColor"
              viewBox="0 0 20 20"
              xmlns="http://www.w3.org/2000/svg"
            >
              <path
                clip-rule="evenodd"
                d="M8.22 5.22a.75.75 0 0 1 1.06 0l4.25 4.25a.75.75 0 0 1 0 1.06l-4.25 4.25a.75.75 0 0 1-1.06-1.06L11.94 10 8.22 6.28a.75.75 0 0 1 0-1.06Z"
                fill-rule="evenodd"
              />
            </svg>
          </span>
        </span>
      </button>
    </div>
  </div>
</div>
`;
